Archive member included to satisfy reference by file (symbol)

d:/enviro~1/gnuarm~1/102021~1.10/bin/../lib/gcc/arm-none-eabi/10.3.1/thumb/v7-m/nofp\libgcc.a(unwind-arm.o)
                              CMakeFiles/ds18b26_driver.elf.dir/Core/Src/main.cpp.obj (__aeabi_unwind_cpp_pr0)
d:/enviro~1/gnuarm~1/102021~1.10/bin/../lib/gcc/arm-none-eabi/10.3.1/thumb/v7-m/nofp\libgcc.a(libunwind.o)
                              d:/enviro~1/gnuarm~1/102021~1.10/bin/../lib/gcc/arm-none-eabi/10.3.1/thumb/v7-m/nofp\libgcc.a(unwind-arm.o) (restore_core_regs)
d:/enviro~1/gnuarm~1/102021~1.10/bin/../lib/gcc/arm-none-eabi/10.3.1/thumb/v7-m/nofp\libgcc.a(pr-support.o)
                              d:/enviro~1/gnuarm~1/102021~1.10/bin/../lib/gcc/arm-none-eabi/10.3.1/thumb/v7-m/nofp\libgcc.a(unwind-arm.o) (__gnu_unwind_execute)
d:/enviro~1/gnuarm~1/102021~1.10/bin/../lib/gcc/arm-none-eabi/10.3.1/../../../../arm-none-eabi/lib/thumb/v7-m/nofp\libg.a(lib_a-abort.o)
                              d:/enviro~1/gnuarm~1/102021~1.10/bin/../lib/gcc/arm-none-eabi/10.3.1/thumb/v7-m/nofp\libgcc.a(unwind-arm.o) (abort)
d:/enviro~1/gnuarm~1/102021~1.10/bin/../lib/gcc/arm-none-eabi/10.3.1/../../../../arm-none-eabi/lib/thumb/v7-m/nofp\libg.a(lib_a-errno.o)
                              CMakeFiles/ds18b26_driver.elf.dir/Core/Src/syscalls.c.obj (__errno)
d:/enviro~1/gnuarm~1/102021~1.10/bin/../lib/gcc/arm-none-eabi/10.3.1/../../../../arm-none-eabi/lib/thumb/v7-m/nofp\libg.a(lib_a-exit.o)
                              d:/enviro~1/gnuarm~1/102021~1.10/bin/../lib/gcc/arm-none-eabi/10.3.1/../../../../arm-none-eabi/lib/thumb/v7-m/nofp/crt0.o (exit)
d:/enviro~1/gnuarm~1/102021~1.10/bin/../lib/gcc/arm-none-eabi/10.3.1/../../../../arm-none-eabi/lib/thumb/v7-m/nofp\libg.a(lib_a-impure.o)
                              d:/enviro~1/gnuarm~1/102021~1.10/bin/../lib/gcc/arm-none-eabi/10.3.1/../../../../arm-none-eabi/lib/thumb/v7-m/nofp\libg.a(lib_a-exit.o) (_global_impure_ptr)
d:/enviro~1/gnuarm~1/102021~1.10/bin/../lib/gcc/arm-none-eabi/10.3.1/../../../../arm-none-eabi/lib/thumb/v7-m/nofp\libg.a(lib_a-init.o)
                              d:/enviro~1/gnuarm~1/102021~1.10/bin/../lib/gcc/arm-none-eabi/10.3.1/../../../../arm-none-eabi/lib/thumb/v7-m/nofp/crt0.o (__libc_init_array)
d:/enviro~1/gnuarm~1/102021~1.10/bin/../lib/gcc/arm-none-eabi/10.3.1/../../../../arm-none-eabi/lib/thumb/v7-m/nofp\libg.a(lib_a-memcpy.o)
                              d:/enviro~1/gnuarm~1/102021~1.10/bin/../lib/gcc/arm-none-eabi/10.3.1/thumb/v7-m/nofp\libgcc.a(unwind-arm.o) (memcpy)
d:/enviro~1/gnuarm~1/102021~1.10/bin/../lib/gcc/arm-none-eabi/10.3.1/../../../../arm-none-eabi/lib/thumb/v7-m/nofp\libg.a(lib_a-memset.o)
                              d:/enviro~1/gnuarm~1/102021~1.10/bin/../lib/gcc/arm-none-eabi/10.3.1/../../../../arm-none-eabi/lib/thumb/v7-m/nofp/crt0.o (memset)
d:/enviro~1/gnuarm~1/102021~1.10/bin/../lib/gcc/arm-none-eabi/10.3.1/../../../../arm-none-eabi/lib/thumb/v7-m/nofp\libg.a(lib_a-signal.o)
                              d:/enviro~1/gnuarm~1/102021~1.10/bin/../lib/gcc/arm-none-eabi/10.3.1/../../../../arm-none-eabi/lib/thumb/v7-m/nofp\libg.a(lib_a-abort.o) (raise)
d:/enviro~1/gnuarm~1/102021~1.10/bin/../lib/gcc/arm-none-eabi/10.3.1/../../../../arm-none-eabi/lib/thumb/v7-m/nofp\libg.a(lib_a-signalr.o)
                              d:/enviro~1/gnuarm~1/102021~1.10/bin/../lib/gcc/arm-none-eabi/10.3.1/../../../../arm-none-eabi/lib/thumb/v7-m/nofp\libg.a(lib_a-signal.o) (_kill_r)
d:/enviro~1/gnuarm~1/102021~1.10/bin/../lib/gcc/arm-none-eabi/10.3.1/../../../../arm-none-eabi/lib/thumb/v7-m/nofp\libg.a(lib_a-__call_atexit.o)
                              d:/enviro~1/gnuarm~1/102021~1.10/bin/../lib/gcc/arm-none-eabi/10.3.1/../../../../arm-none-eabi/lib/thumb/v7-m/nofp\libg.a(lib_a-exit.o) (__call_exitprocs)
d:/enviro~1/gnuarm~1/102021~1.10/bin/../lib/gcc/arm-none-eabi/10.3.1/../../../../arm-none-eabi/lib/thumb/v7-m/nofp\libg.a(lib_a-atexit.o)
                              d:/enviro~1/gnuarm~1/102021~1.10/bin/../lib/gcc/arm-none-eabi/10.3.1/../../../../arm-none-eabi/lib/thumb/v7-m/nofp\libg.a(lib_a-__call_atexit.o) (atexit)
d:/enviro~1/gnuarm~1/102021~1.10/bin/../lib/gcc/arm-none-eabi/10.3.1/../../../../arm-none-eabi/lib/thumb/v7-m/nofp\libg.a(lib_a-fini.o)
                              d:/enviro~1/gnuarm~1/102021~1.10/bin/../lib/gcc/arm-none-eabi/10.3.1/../../../../arm-none-eabi/lib/thumb/v7-m/nofp\libg.a(lib_a-__call_atexit.o) (__libc_fini_array)
d:/enviro~1/gnuarm~1/102021~1.10/bin/../lib/gcc/arm-none-eabi/10.3.1/../../../../arm-none-eabi/lib/thumb/v7-m/nofp\libg.a(lib_a-lock.o)
                              d:/enviro~1/gnuarm~1/102021~1.10/bin/../lib/gcc/arm-none-eabi/10.3.1/../../../../arm-none-eabi/lib/thumb/v7-m/nofp\libg.a(lib_a-__call_atexit.o) (__retarget_lock_acquire_recursive)
d:/enviro~1/gnuarm~1/102021~1.10/bin/../lib/gcc/arm-none-eabi/10.3.1/../../../../arm-none-eabi/lib/thumb/v7-m/nofp\libg.a(lib_a-mallocr.o)
[...]
Memory Configuration

Name             Origin             Length             Attributes
RAM              0x20000000         0x00005000         xrw
FLASH            0x08000000         0x00010000         xr
*default*        0x00000000         0xffffffff

Linker script and memory map

LOAD d:/enviro~1/gnuarm~1/102021~1.10/bin/../lib/gcc/arm-none-eabi/10.3.1/thumb/v7-m/nofp/crti.o
LOAD d:/enviro~1/gnuarm~1/102021~1.10/bin/../lib/gcc/arm-none-eabi/10.3.1/thumb/v7-m/nofp/crtbegin.o
LOAD d:/enviro~1/gnuarm~1/102021~1.10/bin/../lib/gcc/arm-none-eabi/10.3.1/../../../../arm-none-eabi/lib/thumb/v7-m/nofp/crt0.o
LOAD CMakeFiles/ds18b26_driver.elf.dir/Core/Src/gpio.c.obj
LOAD CMakeFiles/ds18b26_driver.elf.dir/Core/Src/main.cpp.obj
LOAD CMakeFiles/ds18b26_driver.elf.dir/Core/Src/stm32f1xx_hal_msp.c.obj
LOAD CMakeFiles/ds18b26_driver.elf.dir/Core/Src/stm32f1xx_it.c.obj
LOAD CMakeFiles/ds18b26_driver.elf.dir/Core/Src/syscalls.c.obj
LOAD CMakeFiles/ds18b26_driver.elf.dir/Core/Src/sysmem.c.obj
LOAD CMakeFiles/ds18b26_driver.elf.dir/Core/Src/system_stm32f1xx.c.obj
LOAD CMakeFiles/ds18b26_driver.elf.dir/Core/Startup/startup_stm32f103c8tx.s.obj
LOAD CMakeFiles/ds18b26_driver.elf.dir/Drivers/DS18B20/ds18b20.cpp.obj
LOAD CMakeFiles/ds18b26_driver.elf.dir/Drivers/LED/led.cpp.obj
LOAD CMakeFiles/ds18b26_driver.elf.dir/Drivers/STM32F1xx_HAL_Driver/Src/stm32f1xx_hal.c.obj
LOAD CMakeFiles/ds18b26_driver.elf.dir/Drivers/STM32F1xx_HAL_Driver/Src/stm32f1xx_hal_cortex.c.obj
LOAD CMakeFiles/ds18b26_driver.elf.dir/Drivers/STM32F1xx_HAL_Driver/Src/stm32f1xx_hal_dma.c.obj
LOAD CMakeFiles/ds18b26_driver.elf.dir/Drivers/STM32F1xx_HAL_Driver/Src/stm32f1xx_hal_exti.c.obj
LOAD CMakeFiles/ds18b26_driver.elf.dir/Drivers/STM32F1xx_HAL_Driver/Src/stm32f1xx_hal_flash.c.obj
LOAD CMakeFiles/ds18b26_driver.elf.dir/Drivers/STM32F1xx_HAL_Driver/Src/stm32f1xx_hal_flash_ex.c.obj
LOAD CMakeFiles/ds18b26_driver.elf.dir/Drivers/STM32F1xx_HAL_Driver/Src/stm32f1xx_hal_gpio.c.obj
LOAD CMakeFiles/ds18b26_driver.elf.dir/Drivers/STM32F1xx_HAL_Driver/Src/stm32f1xx_hal_gpio_ex.c.obj
LOAD CMakeFiles/ds18b26_driver.elf.dir/Drivers/STM32F1xx_HAL_Driver/Src/stm32f1xx_hal_pwr.c.obj
LOAD CMakeFiles/ds18b26_driver.elf.dir/Drivers/STM32F1xx_HAL_Driver/Src/stm32f1xx_hal_rcc.c.obj
LOAD CMakeFiles/ds18b26_driver.elf.dir/Drivers/STM32F1xx_HAL_Driver/Src/stm32f1xx_hal_rcc_ex.c.obj
LOAD CMakeFiles/ds18b26_driver.elf.dir/Drivers/STM32F1xx_HAL_Driver/Src/stm32f1xx_hal_tim.c.obj
LOAD CMakeFiles/ds18b26_driver.elf.dir/Drivers/STM32F1xx_HAL_Driver/Src/stm32f1xx_hal_tim_ex.c.obj
LOAD d:/enviro~1/gnuarm~1/102021~1.10/bin/../lib/gcc/arm-none-eabi/10.3.1/../../../../arm-none-eabi/lib/thumb/v7-m/nofp\libstdc++.a
LOAD d:/enviro~1/gnuarm~1/102021~1.10/bin/../lib/gcc/arm-none-eabi/10.3.1/../../../../arm-none-eabi/lib/thumb/v7-m/nofp\libm.a
START GROUP
LOAD d:/enviro~1/gnuarm~1/102021~1.10/bin/../lib/gcc/arm-none-eabi/10.3.1/thumb/v7-m/nofp\libgcc.a
LOAD d:/enviro~1/gnuarm~1/102021~1.10/bin/../lib/gcc/arm-none-eabi/10.3.1/../../../../arm-none-eabi/lib/thumb/v7-m/nofp\libg.a
LOAD d:/enviro~1/gnuarm~1/102021~1.10/bin/../lib/gcc/arm-none-eabi/10.3.1/../../../../arm-none-eabi/lib/thumb/v7-m/nofp\libc.a
END GROUP
LOAD d:/enviro~1/gnuarm~1/102021~1.10/bin/../lib/gcc/arm-none-eabi/10.3.1/thumb/v7-m/nofp/crtend.o
LOAD d:/enviro~1/gnuarm~1/102021~1.10/bin/../lib/gcc/arm-none-eabi/10.3.1/thumb/v7-m/nofp/crtn.o
                0x20005000                _estack = (ORIGIN (RAM) + LENGTH (RAM))
                0x00000200                _Min_Heap_Size = 0x200
                0x00000400                _Min_Stack_Size = 0x400

.isr_vector     0x08000000      0x10c
                0x08000000                . = ALIGN (0x4)
 *(.isr_vector)
 .isr_vector    0x08000000      0x10c CMakeFiles/ds18b26_driver.elf.dir/Core/Startup/startup_stm32f103c8tx.s.obj
                0x08000000                g_pfnVectors
                0x0800010c                . = ALIGN (0x4)

.text           0x0800010c     0x1e7c
                0x0800010c                . = ALIGN (0x4)
 *(.text)
 .text          0x0800010c       0x40 d:/enviro~1/gnuarm~1/102021~1.10/bin/../lib/gcc/arm-none-eabi/10.3.1/thumb/v7-m/nofp/crtbegin.o
 .text          0x0800014c      0x9e4 d:/enviro~1/gnuarm~1/102021~1.10/bin/../lib/gcc/arm-none-eabi/10.3.1/thumb/v7-m/nofp\libgcc.a(unwind-arm.o)
                0x0800040c                _Unwind_GetCFA
                0x08000410                __gnu_Unwind_RaiseException
                0x08000478                __gnu_Unwind_ForcedUnwind
                0x0800048c                __gnu_Unwind_Resume
                0x080004d0                __gnu_Unwind_Resume_or_Rethrow
                0x080004e4                _Unwind_Complete
                0x080004e8                _Unwind_DeleteException
                0x080004f4                _Unwind_VRS_Get
                0x08000540                _Unwind_VRS_Set
                0x08000588                __gnu_Unwind_Backtrace
                0x080008b0                __aeabi_unwind_cpp_pr0
                0x080008b4                __aeabi_unwind_cpp_pr1
                0x080008b8                __aeabi_unwind_cpp_pr2
                0x080008bc                _Unwind_VRS_Pop
 .text          0x08000b30      0x1ac d:/enviro~1/gnuarm~1/102021~1.10/bin/../lib/gcc/arm-none-eabi/10.3.1/thumb/v7-m/nofp\libgcc.a(libunwind.o)
                0x08000b30                __restore_core_regs
                0x08000b30                restore_core_regs
                0x08000b48                __gnu_Unwind_Restore_VFP
                0x08000b50                __gnu_Unwind_Save_VFP
                0x08000b58                __gnu_Unwind_Restore_VFP_D
                0x08000b60                __gnu_Unwind_Save_VFP_D
                0x08000b68                __gnu_Unwind_Restore_VFP_D_16_to_31
                0x08000b70                __gnu_Unwind_Save_VFP_D_16_to_31
                0x08000b78                __gnu_Unwind_Restore_WMMXD
                0x08000bbc                __gnu_Unwind_Save_WMMXD
                0x08000c00                __gnu_Unwind_Restore_WMMXC
                0x08000c14                __gnu_Unwind_Save_WMMXC
                0x08000c28                ___Unwind_RaiseException
                0x08000c28                _Unwind_RaiseException
                0x08000c4c                _Unwind_Resume
                0x08000c4c                ___Unwind_Resume
                0x08000c70                _Unwind_Resume_or_Rethrow
                0x08000c70                ___Unwind_Resume_or_Rethrow
                0x08000c94                _Unwind_ForcedUnwind
                0x08000c94                ___Unwind_ForcedUnwind
                0x08000cb8                ___Unwind_Backtrace
                0x08000cb8                _Unwind_Backtrace
 .text          0x08000cdc      0x38c d:/enviro~1/gnuarm~1/102021~1.10/bin/../lib/gcc/arm-none-eabi/10.3.1/thumb/v7-m/nofp\libgcc.a(pr-support.o)
                0x08000d34                __gnu_unwind_execute
                0x08001018                __gnu_unwind_frame
                0x08001048                _Unwind_GetRegionStart
                0x08001054                _Unwind_GetLanguageSpecificData
 .text          0x08001068       0xec d:/enviro~1/gnuarm~1/102021~1.10/bin/../lib/gcc/arm-none-eabi/10.3.1/../../../../arm-none-eabi/lib/thumb/v7-m/nofp\libg.a(lib_a-memcpy.o)
                0x08001068                memcpy
 *(.text*)
 .text.MX_GPIO_Init
                0x08001154       0x64 CMakeFiles/ds18b26_driver.elf.dir/Core/Src/gpio.c.obj
                0x08001154                MX_GPIO_Init
 .text.Error_Handler
                0x080011b8        0x4 CMakeFiles/ds18b26_driver.elf.dir/Core/Src/main.cpp.obj
                0x080011b8                Error_Handler
 .text._Z18SystemClock_Configv
                0x080011bc       0x64 CMakeFiles/ds18b26_driver.elf.dir/Core/Src/main.cpp.obj
                0x080011bc                SystemClock_Config()
 .text.main     0x08001220       0x3c CMakeFiles/ds18b26_driver.elf.dir/Core/Src/main.cpp.obj
                0x08001220                main
 .text.HAL_MspInit
                0x0800125c       0x44 CMakeFiles/ds18b26_driver.elf.dir/Core/Src/stm32f1xx_hal_msp.c.obj
                0x0800125c                HAL_MspInit
 .text.NMI_Handler
                0x080012a0        0x2 CMakeFiles/ds18b26_driver.elf.dir/Core/Src/stm32f1xx_it.c.obj
                0x080012a0                NMI_Handler
 .text.HardFault_Handler
                0x080012a2        0x2 CMakeFiles/ds18b26_driver.elf.dir/Core/Src/stm32f1xx_it.c.obj
                0x080012a2                HardFault_Handler
 .text.MemManage_Handler
                0x080012a4        0x2 CMakeFiles/ds18b26_driver.elf.dir/Core/Src/stm32f1xx_it.c.obj
                0x080012a4                MemManage_Handler
 .text.BusFault_Handler
                0x080012a6        0x2 CMakeFiles/ds18b26_driver.elf.dir/Core/Src/stm32f1xx_it.c.obj
                0x080012a6                BusFault_Handler
 .text.UsageFault_Handler
                0x080012a8        0x2 CMakeFiles/ds18b26_driver.elf.dir/Core/Src/stm32f1xx_it.c.obj
                0x080012a8                UsageFault_Handler
 .text.SVC_Handler
                0x080012aa        0x2 CMakeFiles/ds18b26_driver.elf.dir/Core/Src/stm32f1xx_it.c.obj
                0x080012aa                SVC_Handler
 .text.DebugMon_Handler
                0x080012ac        0x2 CMakeFiles/ds18b26_driver.elf.dir/Core/Src/stm32f1xx_it.c.obj
                0x080012ac                DebugMon_Handler
 .text.PendSV_Handler
                0x080012ae        0x2 CMakeFiles/ds18b26_driver.elf.dir/Core/Src/stm32f1xx_it.c.obj
                0x080012ae                PendSV_Handler
 .text.SysTick_Handler
                0x080012b0        0x8 CMakeFiles/ds18b26_driver.elf.dir/Core/Src/stm32f1xx_it.c.obj
                0x080012b0                SysTick_Handler
 .text._getpid  0x080012b8        0x4 CMakeFiles/ds18b26_driver.elf.dir/Core/Src/syscalls.c.obj
                0x080012b8                _getpid
 .text._kill    0x080012bc       0x10 CMakeFiles/ds18b26_driver.elf.dir/Core/Src/syscalls.c.obj
                0x080012bc                _kill
 .text._exit    0x080012cc        0xc CMakeFiles/ds18b26_driver.elf.dir/Core/Src/syscalls.c.obj
                0x080012cc                _exit
 .text.SystemInit
                0x080012d8        0x2 CMakeFiles/ds18b26_driver.elf.dir/Core/Src/system_stm32f1xx.c.obj
                0x080012d8                SystemInit
 *fill*         0x080012da        0x2 
 .text.Reset_Handler
                0x080012dc       0x48 CMakeFiles/ds18b26_driver.elf.dir/Core/Startup/startup_stm32f103c8tx.s.obj
                0x080012dc                Reset_Handler
 .text.Default_Handler
                0x08001324        0x2 CMakeFiles/ds18b26_driver.elf.dir/Core/Startup/startup_stm32f103c8tx.s.obj
                0x08001324                RTC_Alarm_IRQHandler
                0x08001324                EXTI2_IRQHandler
                0x08001324                TIM1_CC_IRQHandler
                0x08001324                PVD_IRQHandler
                0x08001324                EXTI3_IRQHandler
                0x08001324                EXTI0_IRQHandler
                0x08001324                I2C2_EV_IRQHandler
                0x08001324                ADC1_2_IRQHandler
                0x08001324                SPI1_IRQHandler
                0x08001324                TAMPER_IRQHandler
                0x08001324                DMA1_Channel4_IRQHandler
                0x08001324                USART3_IRQHandler
                0x08001324                RTC_IRQHandler
                0x08001324                DMA1_Channel7_IRQHandler
                0x08001324                CAN1_RX1_IRQHandler
                0x08001324                TIM4_IRQHandler
                0x08001324                I2C1_EV_IRQHandler
                0x08001324                DMA1_Channel6_IRQHandler
                0x08001324                TIM3_IRQHandler
                0x08001324                RCC_IRQHandler
                0x08001324                TIM1_TRG_COM_IRQHandler
                0x08001324                DMA1_Channel1_IRQHandler
                0x08001324                Default_Handler
                0x08001324                EXTI15_10_IRQHandler
                0x08001324                EXTI9_5_IRQHandler
                0x08001324                SPI2_IRQHandler
                0x08001324                DMA1_Channel5_IRQHandler
                0x08001324                EXTI4_IRQHandler
                0x08001324                USB_LP_CAN1_RX0_IRQHandler
                0x08001324                USB_HP_CAN1_TX_IRQHandler
                0x08001324                DMA1_Channel3_IRQHandler
                0x08001324                TIM1_UP_IRQHandler
                0x08001324                WWDG_IRQHandler
                0x08001324                TIM2_IRQHandler
                0x08001324                TIM1_BRK_IRQHandler
                0x08001324                EXTI1_IRQHandler
                0x08001324                USART2_IRQHandler
                0x08001324                I2C2_ER_IRQHandler
                0x08001324                DMA1_Channel2_IRQHandler
                0x08001324                CAN1_SCE_IRQHandler
                0x08001324                FLASH_IRQHandler
                0x08001324                USART1_IRQHandler
                0x08001324                I2C1_ER_IRQHandler
                0x08001324                USBWakeUp_IRQHandler
 .text._ZN3LEDC2EP12GPIO_TypeDeft
                0x08001326        0xe CMakeFiles/ds18b26_driver.elf.dir/Drivers/LED/led.cpp.obj
                0x08001326                LED::LED(GPIO_TypeDef*, unsigned short)
                0x08001326                LED::LED(GPIO_TypeDef*, unsigned short)
 .text._ZN3LED6turnONEv
                0x08001334       0x14 CMakeFiles/ds18b26_driver.elf.dir/Drivers/LED/led.cpp.obj
                0x08001334                LED::turnON()
 .text._ZN3LED7turnOFFEv
                0x08001348       0x12 CMakeFiles/ds18b26_driver.elf.dir/Drivers/LED/led.cpp.obj
                0x08001348                LED::turnOFF()
 *fill*         0x0800135a        0x2 
 .text.HAL_InitTick
                0x0800135c       0x4c CMakeFiles/ds18b26_driver.elf.dir/Drivers/STM32F1xx_HAL_Driver/Src/stm32f1xx_hal.c.obj
                0x0800135c                HAL_InitTick
 .text.HAL_Init
                0x080013a8       0x24 CMakeFiles/ds18b26_driver.elf.dir/Drivers/STM32F1xx_HAL_Driver/Src/stm32f1xx_hal.c.obj
                0x080013a8                HAL_Init
 .text.HAL_IncTick
                0x080013cc       0x18 CMakeFiles/ds18b26_driver.elf.dir/Drivers/STM32F1xx_HAL_Driver/Src/stm32f1xx_hal.c.obj
                0x080013cc                HAL_IncTick
 .text.HAL_GetTick
                0x080013e4        0xc CMakeFiles/ds18b26_driver.elf.dir/Drivers/STM32F1xx_HAL_Driver/Src/stm32f1xx_hal.c.obj
                0x080013e4                HAL_GetTick
 .text.HAL_Delay
                0x080013f0       0x28 CMakeFiles/ds18b26_driver.elf.dir/Drivers/STM32F1xx_HAL_Driver/Src/stm32f1xx_hal.c.obj
                0x080013f0                HAL_Delay
 .text.HAL_NVIC_SetPriorityGrouping
                0x08001418       0x24 CMakeFiles/ds18b26_driver.elf.dir/Drivers/STM32F1xx_HAL_Driver/Src/stm32f1xx_hal_cortex.c.obj
                0x08001418                HAL_NVIC_SetPriorityGrouping
 .text.HAL_NVIC_SetPriority
                0x0800143c       0x70 CMakeFiles/ds18b26_driver.elf.dir/Drivers/STM32F1xx_HAL_Driver/Src/stm32f1xx_hal_cortex.c.obj
                0x0800143c                HAL_NVIC_SetPriority
 .text.HAL_SYSTICK_Config
                0x080014ac       0x28 CMakeFiles/ds18b26_driver.elf.dir/Drivers/STM32F1xx_HAL_Driver/Src/stm32f1xx_hal_cortex.c.obj
                0x080014ac                HAL_SYSTICK_Config
 .text.HAL_GPIO_Init
                0x080014d4      0x224 CMakeFiles/ds18b26_driver.elf.dir/Drivers/STM32F1xx_HAL_Driver/Src/stm32f1xx_hal_gpio.c.obj
                0x080014d4                HAL_GPIO_Init
 .text.HAL_GPIO_WritePin
                0x080016f8        0xc CMakeFiles/ds18b26_driver.elf.dir/Drivers/STM32F1xx_HAL_Driver/Src/stm32f1xx_hal_gpio.c.obj
                0x080016f8                HAL_GPIO_WritePin
 .text.RCC_Delay
                0x08001704       0x2c CMakeFiles/ds18b26_driver.elf.dir/Drivers/STM32F1xx_HAL_Driver/Src/stm32f1xx_hal_rcc.c.obj
 .text.HAL_RCC_OscConfig
                0x08001730      0x410 CMakeFiles/ds18b26_driver.elf.dir/Drivers/STM32F1xx_HAL_Driver/Src/stm32f1xx_hal_rcc.c.obj
                0x08001730                HAL_RCC_OscConfig
 .text.HAL_RCC_GetSysClockFreq
                0x08001b40       0x54 CMakeFiles/ds18b26_driver.elf.dir/Drivers/STM32F1xx_HAL_Driver/Src/stm32f1xx_hal_rcc.c.obj
                0x08001b40                HAL_RCC_GetSysClockFreq
 .text.HAL_RCC_ClockConfig
                0x08001b94      0x16c CMakeFiles/ds18b26_driver.elf.dir/Drivers/STM32F1xx_HAL_Driver/Src/stm32f1xx_hal_rcc.c.obj
                0x08001b94                HAL_RCC_ClockConfig
 .text.abort    0x08001d00       0x10 d:/enviro~1/gnuarm~1/102021~1.10/bin/../lib/gcc/arm-none-eabi/10.3.1/../../../../arm-none-eabi/lib/thumb/v7-m/nofp\libg.a(lib_a-abort.o)
                0x08001d00                abort
 .text.__errno  0x08001d10        0xc d:/enviro~1/gnuarm~1/102021~1.10/bin/../lib/gcc/arm-none-eabi/10.3.1/../../../../arm-none-eabi/lib/thumb/v7-m/nofp\libg.a(lib_a-errno.o)
                0x08001d10                __errno
 .text.__libc_init_array
                0x08001d1c       0x48 d:/enviro~1/gnuarm~1/102021~1.10/bin/../lib/gcc/arm-none-eabi/10.3.1/../../../../arm-none-eabi/lib/thumb/v7-m/nofp\libg.a(lib_a-init.o)
                0x08001d1c                __libc_init_array
 .text.memset   0x08001d64       0xa4 d:/enviro~1/gnuarm~1/102021~1.10/bin/../lib/gcc/arm-none-eabi/10.3.1/../../../../arm-none-eabi/lib/thumb/v7-m/nofp\libg.a(lib_a-memset.o)
                0x08001d64                memset
 .text.raise    0x08001e08       0x5c d:/enviro~1/gnuarm~1/102021~1.10/bin/../lib/gcc/arm-none-eabi/10.3.1/../../../../arm-none-eabi/lib/thumb/v7-m/nofp\libg.a(lib_a-signal.o)
                0x08001e08                raise
 .text._kill_r  0x08001e64       0x28 d:/enviro~1/gnuarm~1/102021~1.10/bin/../lib/gcc/arm-none-eabi/10.3.1/../../../../arm-none-eabi/lib/thumb/v7-m/nofp\libg.a(lib_a-signalr.o)
                0x08001e64                _kill_r
 .text._getpid_r
                0x08001e8c        0x4 d:/enviro~1/gnuarm~1/102021~1.10/bin/../lib/gcc/arm-none-eabi/10.3.1/../../../../arm-none-eabi/lib/thumb/v7-m/nofp\libg.a(lib_a-signalr.o)
                0x08001e8c                _getpid_r
 .text.startup.register_fini
                0x08001e90       0x14 d:/enviro~1/gnuarm~1/102021~1.10/bin/../lib/gcc/arm-none-eabi/10.3.1/../../../../arm-none-eabi/lib/thumb/v7-m/nofp\libg.a(lib_a-__call_atexit.o)
 .text.atexit   0x08001ea4        0xc d:/enviro~1/gnuarm~1/102021~1.10/bin/../lib/gcc/arm-none-eabi/10.3.1/../../../../arm-none-eabi/lib/thumb/v7-m/nofp\libg.a(lib_a-atexit.o)
                0x08001ea4                atexit
 .text.__libc_fini_array
                0x08001eb0       0x2c d:/enviro~1/gnuarm~1/102021~1.10/bin/../lib/gcc/arm-none-eabi/10.3.1/../../../../arm-none-eabi/lib/thumb/v7-m/nofp\libg.a(lib_a-fini.o)
                0x08001eb0                __libc_fini_array
 .text.__retarget_lock_acquire_recursive
                0x08001edc        0x4 d:/enviro~1/gnuarm~1/102021~1.10/bin/../lib/gcc/arm-none-eabi/10.3.1/../../../../arm-none-eabi/lib/thumb/v7-m/nofp\libg.a(lib_a-lock.o)
                0x08001edc                __retarget_lock_acquire_recursive
 .text.__retarget_lock_release_recursive
                0x08001ee0        0x4 d:/enviro~1/gnuarm~1/102021~1.10/bin/../lib/gcc/arm-none-eabi/10.3.1/../../../../arm-none-eabi/lib/thumb/v7-m/nofp\libg.a(lib_a-lock.o)
                0x08001ee0                __retarget_lock_release_recursive
 .text.__register_exitproc
                0x08001ee4       0x8c d:/enviro~1/gnuarm~1/102021~1.10/bin/../lib/gcc/arm-none-eabi/10.3.1/../../../../arm-none-eabi/lib/thumb/v7-m/nofp\libg.a(lib_a-__atexit.o)
                0x08001ee4                __register_exitproc
 *(.glue_7)
 .glue_7        0x08001f70        0x0 linker stubs
 *(.glue_7t)
 .glue_7t       0x08001f70        0x0 linker stubs
 *(.eh_frame)
 .eh_frame      0x08001f70        0x0 d:/enviro~1/gnuarm~1/102021~1.10/bin/../lib/gcc/arm-none-eabi/10.3.1/thumb/v7-m/nofp/crtbegin.o
 *(.init)
 .init          0x08001f70        0x4 d:/enviro~1/gnuarm~1/102021~1.10/bin/../lib/gcc/arm-none-eabi/10.3.1/thumb/v7-m/nofp/crti.o
                0x08001f70                _init
 .init          0x08001f74        0x8 d:/enviro~1/gnuarm~1/102021~1.10/bin/../lib/gcc/arm-none-eabi/10.3.1/thumb/v7-m/nofp/crtn.o
 *(.fini)
 .fini          0x08001f7c        0x4 d:/enviro~1/gnuarm~1/102021~1.10/bin/../lib/gcc/arm-none-eabi/10.3.1/thumb/v7-m/nofp/crti.o
                0x08001f7c                _fini
 .fini          0x08001f80        0x8 d:/enviro~1/gnuarm~1/102021~1.10/bin/../lib/gcc/arm-none-eabi/10.3.1/thumb/v7-m/nofp/crtn.o
                0x08001f88                . = ALIGN (0x4)
                0x08001f88                _etext = .

.vfp11_veneer   0x08001f88        0x0
 .vfp11_veneer  0x08001f88        0x0 linker stubs

.v4_bx          0x08001f88        0x0
 .v4_bx         0x08001f88        0x0 linker stubs

.iplt           0x08001f88        0x0
 .iplt          0x08001f88        0x0 d:/enviro~1/gnuarm~1/102021~1.10/bin/../lib/gcc/arm-none-eabi/10.3.1/thumb/v7-m/nofp/crtbegin.o

.rodata         0x08001f88       0x28
                0x08001f88                . = ALIGN (0x4)
 *(.rodata)
 *(.rodata*)
 .rodata.AHBPrescTable
                0x08001f88       0x10 CMakeFiles/ds18b26_driver.elf.dir/Core/Src/system_stm32f1xx.c.obj
                0x08001f88                AHBPrescTable
 .rodata.aPLLMULFactorTable.1
                0x08001f98       0x10 CMakeFiles/ds18b26_driver.elf.dir/Drivers/STM32F1xx_HAL_Driver/Src/stm32f1xx_hal_rcc.c.obj
 .rodata.aPredivFactorTable.0
                0x08001fa8        0x2 CMakeFiles/ds18b26_driver.elf.dir/Drivers/STM32F1xx_HAL_Driver/Src/stm32f1xx_hal_rcc.c.obj
 *fill*         0x08001faa        0x2 
 .rodata._global_impure_ptr
                0x08001fac        0x4 d:/enviro~1/gnuarm~1/102021~1.10/bin/../lib/gcc/arm-none-eabi/10.3.1/../../../../arm-none-eabi/lib/thumb/v7-m/nofp\libg.a(lib_a-impure.o)
                0x08001fac                _global_impure_ptr
                0x08001fb0                . = ALIGN (0x4)

.ARM.extab      0x08001fb0       0x24
                0x08001fb0                . = ALIGN (0x4)
 *(.ARM.extab* .gnu.linkonce.armextab.*)
 .ARM.extab.text._ZN3LED7turnOFFEv
                0x08001fb0        0xc CMakeFiles/ds18b26_driver.elf.dir/Drivers/LED/led.cpp.obj
 .ARM.extab     0x08001fbc       0x18 d:/enviro~1/gnuarm~1/102021~1.10/bin/../lib/gcc/arm-none-eabi/10.3.1/thumb/v7-m/nofp\libgcc.a(pr-support.o)
                0x08001fd4                . = ALIGN (0x4)

.ARM            0x08001fd4       0xe8
                0x08001fd4                . = ALIGN (0x4)
                0x08001fd4                __exidx_start = .
 *(.ARM.exidx*)
 .ARM.exidx.text.Error_Handler
                0x0800208c        0x0 CMakeFiles/ds18b26_driver.elf.dir/Core/Src/main.cpp.obj
                                  0x8 (size before relaxing)
 .ARM.exidx.text._Z18SystemClock_Configv
                0x0800208c        0x8 CMakeFiles/ds18b26_driver.elf.dir/Core/Src/main.cpp.obj
 .ARM.exidx.text.main
                0x08002094       0x10 CMakeFiles/ds18b26_driver.elf.dir/Core/Src/main.cpp.obj
                                  0x8 (size before relaxing)
 .ARM.exidx.text._ZN3LEDC2EP12GPIO_TypeDeft
                0x080020a4        0x0 CMakeFiles/ds18b26_driver.elf.dir/Drivers/LED/led.cpp.obj
                                  0x8 (size before relaxing)
 .ARM.exidx.text._ZN3LED6turnONEv
                0x080020a4        0x8 CMakeFiles/ds18b26_driver.elf.dir/Drivers/LED/led.cpp.obj
 .ARM.exidx.text._ZN3LED7turnOFFEv
                0x080020ac       0x10 CMakeFiles/ds18b26_driver.elf.dir/Drivers/LED/led.cpp.obj
                                  0x8 (size before relaxing)
 .ARM.exidx     0x08001fd4       0x80 d:/enviro~1/gnuarm~1/102021~1.10/bin/../lib/gcc/arm-none-eabi/10.3.1/thumb/v7-m/nofp\libgcc.a(unwind-arm.o)
                                 0xd8 (size before relaxing)
 .ARM.exidx     0x08002054       0x38 d:/enviro~1/gnuarm~1/102021~1.10/bin/../lib/gcc/arm-none-eabi/10.3.1/thumb/v7-m/nofp\libgcc.a(pr-support.o)
                0x080020bc                __exidx_end = .
                0x080020bc                . = ALIGN (0x4)

.rel.dyn        0x080020bc        0x0
 .rel.iplt      0x080020bc        0x0 d:/enviro~1/gnuarm~1/102021~1.10/bin/../lib/gcc/arm-none-eabi/10.3.1/thumb/v7-m/nofp/crtbegin.o

.preinit_array  0x080020bc        0x0
                0x080020bc                . = ALIGN (0x4)
                0x080020bc                PROVIDE (__preinit_array_start = .)
 *(.preinit_array*)
                0x080020bc                PROVIDE (__preinit_array_end = .)
                0x080020bc                . = ALIGN (0x4)

.init_array     0x080020bc        0x8
                0x080020bc                . = ALIGN (0x4)
                0x080020bc                PROVIDE (__init_array_start = .)
 *(SORT_BY_NAME(.init_array.*))
 .init_array.00000
                0x080020bc        0x4 d:/enviro~1/gnuarm~1/102021~1.10/bin/../lib/gcc/arm-none-eabi/10.3.1/../../../../arm-none-eabi/lib/thumb/v7-m/nofp\libg.a(lib_a-__call_atexit.o)
 *(.init_array*)
 .init_array    0x080020c0        0x4 d:/enviro~1/gnuarm~1/102021~1.10/bin/../lib/gcc/arm-none-eabi/10.3.1/thumb/v7-m/nofp/crtbegin.o
                0x080020c4                PROVIDE (__init_array_end = .)
                0x080020c4                . = ALIGN (0x4)

.fini_array     0x080020c4        0x4
                0x080020c4                . = ALIGN (0x4)
                0x080020c4                PROVIDE (__fini_array_start = .)
 *(SORT_BY_NAME(.fini_array.*))
 *(.fini_array*)
 .fini_array    0x080020c4        0x4 d:/enviro~1/gnuarm~1/102021~1.10/bin/../lib/gcc/arm-none-eabi/10.3.1/thumb/v7-m/nofp/crtbegin.o
                0x080020c8                PROVIDE (__fini_array_end = .)
                0x080020c8                . = ALIGN (0x4)
                0x080020c8                _sidata = LOADADDR (.data)

.data           0x20000000      0x43c load address 0x080020c8
                0x20000000                . = ALIGN (0x4)
                0x20000000                _sdata = .
 *(.data)
 *(.data*)
 .data.SystemCoreClock
                0x20000000        0x4 CMakeFiles/ds18b26_driver.elf.dir/Core/Src/system_stm32f1xx.c.obj
                0x20000000                SystemCoreClock
 .data.uwTickFreq
                0x20000004        0x1 CMakeFiles/ds18b26_driver.elf.dir/Drivers/STM32F1xx_HAL_Driver/Src/stm32f1xx_hal.c.obj
                0x20000004                uwTickFreq
 *fill*         0x20000005        0x3 
 .data.uwTickPrio
                0x20000008        0x4 CMakeFiles/ds18b26_driver.elf.dir/Drivers/STM32F1xx_HAL_Driver/Src/stm32f1xx_hal.c.obj
                0x20000008                uwTickPrio
 .data._impure_ptr
                0x2000000c        0x4 d:/enviro~1/gnuarm~1/102021~1.10/bin/../lib/gcc/arm-none-eabi/10.3.1/../../../../arm-none-eabi/lib/thumb/v7-m/nofp\libg.a(lib_a-impure.o)
                0x2000000c                _impure_ptr
 .data.impure_data
                0x20000010      0x428 d:/enviro~1/gnuarm~1/102021~1.10/bin/../lib/gcc/arm-none-eabi/10.3.1/../../../../arm-none-eabi/lib/thumb/v7-m/nofp\libg.a(lib_a-impure.o)
 .data.__atexit_recursive_mutex
                0x20000438        0x4 d:/enviro~1/gnuarm~1/102021~1.10/bin/../lib/gcc/arm-none-eabi/10.3.1/../../../../arm-none-eabi/lib/thumb/v7-m/nofp\libg.a(lib_a-__call_atexit.o)
                0x20000438                __atexit_recursive_mutex
 *(.RamFunc)
 *(.RamFunc*)
                0x2000043c                . = ALIGN (0x4)
                0x2000043c                _edata = .

.igot.plt       0x2000043c        0x0 load address 0x08002504
 .igot.plt      0x2000043c        0x0 d:/enviro~1/gnuarm~1/102021~1.10/bin/../lib/gcc/arm-none-eabi/10.3.1/thumb/v7-m/nofp/crtbegin.o
                0x2000043c                . = ALIGN (0x4)

.bss            0x2000043c       0x28 load address 0x08002504
                0x2000043c                _sbss = .
                0x2000043c                __bss_start__ = _sbss
 *(.bss)
 .bss           0x2000043c       0x1c d:/enviro~1/gnuarm~1/102021~1.10/bin/../lib/gcc/arm-none-eabi/10.3.1/thumb/v7-m/nofp/crtbegin.o
 *(.bss*)
 .bss.uwTick    0x20000458        0x4 CMakeFiles/ds18b26_driver.elf.dir/Drivers/STM32F1xx_HAL_Driver/Src/stm32f1xx_hal.c.obj
                0x20000458                uwTick
 .bss.__lock___atexit_recursive_mutex
                0x2000045c        0x1 d:/enviro~1/gnuarm~1/102021~1.10/bin/../lib/gcc/arm-none-eabi/10.3.1/../../../../arm-none-eabi/lib/thumb/v7-m/nofp\libg.a(lib_a-lock.o)
                0x2000045c                __lock___atexit_recursive_mutex
 *fill*         0x2000045d        0x3 
 .bss.errno     0x20000460        0x4 d:/enviro~1/gnuarm~1/102021~1.10/bin/../lib/gcc/arm-none-eabi/10.3.1/../../../../arm-none-eabi/lib/thumb/v7-m/nofp\libg.a(lib_a-reent.o)
                0x20000460                errno
 *(COMMON)
                0x20000464                . = ALIGN (0x4)
                0x20000464                _ebss = .
                0x20000464                __bss_end__ = _ebss

._user_heap_stack
                0x20000464      0x604 load address 0x08002504
                0x20000468                . = ALIGN (0x8)
 *fill*         0x20000464        0x4 
                [!provide]                PROVIDE (end = .)
                0x20000468                PROVIDE (_end = .)
                0x20000668                . = (. + _Min_Heap_Size)
 *fill*         0x20000468      0x200 
                0x20000a68                . = (. + _Min_Stack_Size)
 *fill*         0x20000668      0x400 
                0x20000a68                . = ALIGN (0x8)

/DISCARD/
 libc.a(*)
 libm.a(*)
 libgcc.a(*)

.ARM.attributes
                0x00000000       0x29
 *(.ARM.attributes)
 .ARM.attributes
                0x00000000       0x1d d:/enviro~1/gnuarm~1/102021~1.10/bin/../lib/gcc/arm-none-eabi/10.3.1/thumb/v7-m/nofp/crti.o
 .ARM.attributes
                0x0000001d       0x2d d:/enviro~1/gnuarm~1/102021~1.10/bin/../lib/gcc/arm-none-eabi/10.3.1/thumb/v7-m/nofp/crtbegin.o
 .ARM.attributes
                0x0000004a       0x2d CMakeFiles/ds18b26_driver.elf.dir/Core/Src/gpio.c.obj
 .ARM.attributes
                0x00000077       0x2d CMakeFiles/ds18b26_driver.elf.dir/Core/Src/main.cpp.obj
 .ARM.attributes
                0x000000a4       0x2d CMakeFiles/ds18b26_driver.elf.dir/Core/Src/stm32f1xx_hal_msp.c.obj
 .ARM.attributes
                0x000000d1       0x2d CMakeFiles/ds18b26_driver.elf.dir/Core/Src/stm32f1xx_it.c.obj
 .ARM.attributes
                0x000000fe       0x2d CMakeFiles/ds18b26_driver.elf.dir/Core/Src/syscalls.c.obj
 .ARM.attributes
                0x0000012b       0x2d CMakeFiles/ds18b26_driver.elf.dir/Core/Src/system_stm32f1xx.c.obj
 .ARM.attributes
                0x00000158       0x21 CMakeFiles/ds18b26_driver.elf.dir/Core/Startup/startup_stm32f103c8tx.s.obj
 .ARM.attributes
                0x00000179       0x2d CMakeFiles/ds18b26_driver.elf.dir/Drivers/LED/led.cpp.obj
 .ARM.attributes
                0x000001a6       0x2d CMakeFiles/ds18b26_driver.elf.dir/Drivers/STM32F1xx_HAL_Driver/Src/stm32f1xx_hal.c.obj
 .ARM.attributes
                0x000001d3       0x2d CMakeFiles/ds18b26_driver.elf.dir/Drivers/STM32F1xx_HAL_Driver/Src/stm32f1xx_hal_cortex.c.obj
 .ARM.attributes
                0x00000200       0x2d CMakeFiles/ds18b26_driver.elf.dir/Drivers/STM32F1xx_HAL_Driver/Src/stm32f1xx_hal_gpio.c.obj
 .ARM.attributes
                0x0000022d       0x2d CMakeFiles/ds18b26_driver.elf.dir/Drivers/STM32F1xx_HAL_Driver/Src/stm32f1xx_hal_rcc.c.obj
 .ARM.attributes
                0x0000025a       0x2d d:/enviro~1/gnuarm~1/102021~1.10/bin/../lib/gcc/arm-none-eabi/10.3.1/thumb/v7-m/nofp\libgcc.a(unwind-arm.o)
 .ARM.attributes
                0x00000287       0x1d d:/enviro~1/gnuarm~1/102021~1.10/bin/../lib/gcc/arm-none-eabi/10.3.1/thumb/v7-m/nofp\libgcc.a(libunwind.o)
 .ARM.attributes
                0x000002a4       0x2d d:/enviro~1/gnuarm~1/102021~1.10/bin/../lib/gcc/arm-none-eabi/10.3.1/thumb/v7-m/nofp\libgcc.a(pr-support.o)
 .ARM.attributes
                0x000002d1       0x2d d:/enviro~1/gnuarm~1/102021~1.10/bin/../lib/gcc/arm-none-eabi/10.3.1/../../../../arm-none-eabi/lib/thumb/v7-m/nofp\libg.a(lib_a-abort.o)
 .ARM.attributes
                0x000002fe       0x2d d:/enviro~1/gnuarm~1/102021~1.10/bin/../lib/gcc/arm-none-eabi/10.3.1/../../../../arm-none-eabi/lib/thumb/v7-m/nofp\libg.a(lib_a-errno.o)
 .ARM.attributes
                0x0000032b       0x2d d:/enviro~1/gnuarm~1/102021~1.10/bin/../lib/gcc/arm-none-eabi/10.3.1/../../../../arm-none-eabi/lib/thumb/v7-m/nofp\libg.a(lib_a-impure.o)
 .ARM.attributes
                0x00000358       0x2d d:/enviro~1/gnuarm~1/102021~1.10/bin/../lib/gcc/arm-none-eabi/10.3.1/../../../../arm-none-eabi/lib/thumb/v7-m/nofp\libg.a(lib_a-init.o)
 .ARM.attributes
                0x00000385       0x1b d:/enviro~1/gnuarm~1/102021~1.10/bin/../lib/gcc/arm-none-eabi/10.3.1/../../../../arm-none-eabi/lib/thumb/v7-m/nofp\libg.a(lib_a-memcpy.o)
 .ARM.attributes
                0x000003a0       0x2d d:/enviro~1/gnuarm~1/102021~1.10/bin/../lib/gcc/arm-none-eabi/10.3.1/../../../../arm-none-eabi/lib/thumb/v7-m/nofp\libg.a(lib_a-memset.o)
 .ARM.attributes
                0x000003cd       0x2d d:/enviro~1/gnuarm~1/102021~1.10/bin/../lib/gcc/arm-none-eabi/10.3.1/../../../../arm-none-eabi/lib/thumb/v7-m/nofp\libg.a(lib_a-signal.o)
 .ARM.attributes
                0x000003fa       0x2d d:/enviro~1/gnuarm~1/102021~1.10/bin/../lib/gcc/arm-none-eabi/10.3.1/../../../../arm-none-eabi/lib/thumb/v7-m/nofp\libg.a(lib_a-signalr.o)
 .ARM.attributes
                0x00000427       0x2d d:/enviro~1/gnuarm~1/102021~1.10/bin/../lib/gcc/arm-none-eabi/10.3.1/../../../../arm-none-eabi/lib/thumb/v7-m/nofp\libg.a(lib_a-__call_atexit.o)
 .ARM.attributes
                0x00000454       0x2d d:/enviro~1/gnuarm~1/102021~1.10/bin/../lib/gcc/arm-none-eabi/10.3.1/../../../../arm-none-eabi/lib/thumb/v7-m/nofp\libg.a(lib_a-atexit.o)
 .ARM.attributes
                0x00000481       0x2d d:/enviro~1/gnuarm~1/102021~1.10/bin/../lib/gcc/arm-none-eabi/10.3.1/../../../../arm-none-eabi/lib/thumb/v7-m/nofp\libg.a(lib_a-fini.o)
 .ARM.attributes
                0x000004ae       0x2d d:/enviro~1/gnuarm~1/102021~1.10/bin/../lib/gcc/arm-none-eabi/10.3.1/../../../../arm-none-eabi/lib/thumb/v7-m/nofp\libg.a(lib_a-lock.o)
 .ARM.attributes
                0x000004db       0x2d d:/enviro~1/gnuarm~1/102021~1.10/bin/../lib/gcc/arm-none-eabi/10.3.1/../../../../arm-none-eabi/lib/thumb/v7-m/nofp\libg.a(lib_a-reent.o)
 .ARM.attributes
                0x00000508       0x2d d:/enviro~1/gnuarm~1/102021~1.10/bin/../lib/gcc/arm-none-eabi/10.3.1/../../../../arm-none-eabi/lib/thumb/v7-m/nofp\libg.a(lib_a-__atexit.o)
 .ARM.attributes
                0x00000535       0x1d d:/enviro~1/gnuarm~1/102021~1.10/bin/../lib/gcc/arm-none-eabi/10.3.1/thumb/v7-m/nofp/crtn.o
OUTPUT(ds18b26_driver.elf elf32-littlearm)
LOAD linker stubs
LOAD d:/enviro~1/gnuarm~1/102021~1.10/bin/../lib/gcc/arm-none-eabi/10.3.1/../../../../arm-none-eabi/lib/thumb/v7-m/nofp\libc.a
LOAD d:/enviro~1/gnuarm~1/102021~1.10/bin/../lib/gcc/arm-none-eabi/10.3.1/../../../../arm-none-eabi/lib/thumb/v7-m/nofp\libm.a
LOAD d:/enviro~1/gnuarm~1/102021~1.10/bin/../lib/gcc/arm-none-eabi/10.3.1/thumb/v7-m/nofp\libgcc.a

.debug_info     0x00000000     0x44d0
 .debug_info    0x00000000      0x2d8 CMakeFiles/ds18b26_driver.elf.dir/Core/Src/gpio.c.obj
 .debug_info    0x000002d8      0x84c CMakeFiles/ds18b26_driver.elf.dir/Core/Src/main.cpp.obj
 .debug_info    0x00000b24      0x211 CMakeFiles/ds18b26_driver.elf.dir/Core/Src/stm32f1xx_hal_msp.c.obj
 .debug_info    0x00000d35      0x130 CMakeFiles/ds18b26_driver.elf.dir/Core/Src/stm32f1xx_it.c.obj
 .debug_info    0x00000e65      0x7af CMakeFiles/ds18b26_driver.elf.dir/Core/Src/syscalls.c.obj
 .debug_info    0x00001614      0x248 CMakeFiles/ds18b26_driver.elf.dir/Core/Src/system_stm32f1xx.c.obj
 .debug_info    0x0000185c       0x22 CMakeFiles/ds18b26_driver.elf.dir/Core/Startup/startup_stm32f103c8tx.s.obj
 .debug_info    0x0000187e      0x676 CMakeFiles/ds18b26_driver.elf.dir/Drivers/LED/led.cpp.obj
 .debug_info    0x00001ef4      0x7a8 CMakeFiles/ds18b26_driver.elf.dir/Drivers/STM32F1xx_HAL_Driver/Src/stm32f1xx_hal.c.obj
 .debug_info    0x0000269c      0xd8a CMakeFiles/ds18b26_driver.elf.dir/Drivers/STM32F1xx_HAL_Driver/Src/stm32f1xx_hal_cortex.c.obj
 .debug_info    0x00003426      0x66f CMakeFiles/ds18b26_driver.elf.dir/Drivers/STM32F1xx_HAL_Driver/Src/stm32f1xx_hal_gpio.c.obj
 .debug_info    0x00003a95      0xa3b CMakeFiles/ds18b26_driver.elf.dir/Drivers/STM32F1xx_HAL_Driver/Src/stm32f1xx_hal_rcc.c.obj

.debug_abbrev   0x00000000     0x13da
 .debug_abbrev  0x00000000      0x13c CMakeFiles/ds18b26_driver.elf.dir/Core/Src/gpio.c.obj
 .debug_abbrev  0x0000013c      0x295 CMakeFiles/ds18b26_driver.elf.dir/Core/Src/main.cpp.obj
 .debug_abbrev  0x000003d1       0xe5 CMakeFiles/ds18b26_driver.elf.dir/Core/Src/stm32f1xx_hal_msp.c.obj
 .debug_abbrev  0x000004b6       0x7e CMakeFiles/ds18b26_driver.elf.dir/Core/Src/stm32f1xx_it.c.obj
 .debug_abbrev  0x00000534      0x1a3 CMakeFiles/ds18b26_driver.elf.dir/Core/Src/syscalls.c.obj
 .debug_abbrev  0x000006d7      0x13e CMakeFiles/ds18b26_driver.elf.dir/Core/Src/system_stm32f1xx.c.obj
 .debug_abbrev  0x00000815       0x12 CMakeFiles/ds18b26_driver.elf.dir/Core/Startup/startup_stm32f103c8tx.s.obj
 .debug_abbrev  0x00000827      0x21e CMakeFiles/ds18b26_driver.elf.dir/Drivers/LED/led.cpp.obj
 .debug_abbrev  0x00000a45      0x1f4 CMakeFiles/ds18b26_driver.elf.dir/Drivers/STM32F1xx_HAL_Driver/Src/stm32f1xx_hal.c.obj
 .debug_abbrev  0x00000c39      0x341 CMakeFiles/ds18b26_driver.elf.dir/Drivers/STM32F1xx_HAL_Driver/Src/stm32f1xx_hal_cortex.c.obj
 .debug_abbrev  0x00000f7a      0x1e6 CMakeFiles/ds18b26_driver.elf.dir/Drivers/STM32F1xx_HAL_Driver/Src/stm32f1xx_hal_gpio.c.obj
 .debug_abbrev  0x00001160      0x27a CMakeFiles/ds18b26_driver.elf.dir/Drivers/STM32F1xx_HAL_Driver/Src/stm32f1xx_hal_rcc.c.obj

.debug_aranges  0x00000000      0x458
 .debug_aranges
                0x00000000       0x20 CMakeFiles/ds18b26_driver.elf.dir/Core/Src/gpio.c.obj
 .debug_aranges
                0x00000020       0x30 CMakeFiles/ds18b26_driver.elf.dir/Core/Src/main.cpp.obj
 .debug_aranges
                0x00000050       0x20 CMakeFiles/ds18b26_driver.elf.dir/Core/Src/stm32f1xx_hal_msp.c.obj
 .debug_aranges
                0x00000070       0x60 CMakeFiles/ds18b26_driver.elf.dir/Core/Src/stm32f1xx_it.c.obj
 .debug_aranges
                0x000000d0       0xa8 CMakeFiles/ds18b26_driver.elf.dir/Core/Src/syscalls.c.obj
 .debug_aranges
                0x00000178       0x28 CMakeFiles/ds18b26_driver.elf.dir/Core/Src/system_stm32f1xx.c.obj
 .debug_aranges
                0x000001a0       0x28 CMakeFiles/ds18b26_driver.elf.dir/Core/Startup/startup_stm32f103c8tx.s.obj
 .debug_aranges
                0x000001c8       0x38 CMakeFiles/ds18b26_driver.elf.dir/Drivers/LED/led.cpp.obj
 .debug_aranges
                0x00000200       0xe0 CMakeFiles/ds18b26_driver.elf.dir/Drivers/STM32F1xx_HAL_Driver/Src/stm32f1xx_hal.c.obj
 .debug_aranges
                0x000002e0       0x90 CMakeFiles/ds18b26_driver.elf.dir/Drivers/STM32F1xx_HAL_Driver/Src/stm32f1xx_hal_cortex.c.obj
 .debug_aranges
                0x00000370       0x58 CMakeFiles/ds18b26_driver.elf.dir/Drivers/STM32F1xx_HAL_Driver/Src/stm32f1xx_hal_gpio.c.obj
 .debug_aranges
                0x000003c8       0x90 CMakeFiles/ds18b26_driver.elf.dir/Drivers/STM32F1xx_HAL_Driver/Src/stm32f1xx_hal_rcc.c.obj

.debug_ranges   0x00000000      0x420
 .debug_ranges  0x00000000       0x10 CMakeFiles/ds18b26_driver.elf.dir/Core/Src/gpio.c.obj
 .debug_ranges  0x00000010       0x20 CMakeFiles/ds18b26_driver.elf.dir/Core/Src/main.cpp.obj
 .debug_ranges  0x00000030       0x10 CMakeFiles/ds18b26_driver.elf.dir/Core/Src/stm32f1xx_hal_msp.c.obj
 .debug_ranges  0x00000040       0x50 CMakeFiles/ds18b26_driver.elf.dir/Core/Src/stm32f1xx_it.c.obj
 .debug_ranges  0x00000090       0x98 CMakeFiles/ds18b26_driver.elf.dir/Core/Src/syscalls.c.obj
 .debug_ranges  0x00000128       0x18 CMakeFiles/ds18b26_driver.elf.dir/Core/Src/system_stm32f1xx.c.obj
 .debug_ranges  0x00000140       0x20 CMakeFiles/ds18b26_driver.elf.dir/Core/Startup/startup_stm32f103c8tx.s.obj
 .debug_ranges  0x00000160       0x28 CMakeFiles/ds18b26_driver.elf.dir/Drivers/LED/led.cpp.obj
 .debug_ranges  0x00000188       0xd0 CMakeFiles/ds18b26_driver.elf.dir/Drivers/STM32F1xx_HAL_Driver/Src/stm32f1xx_hal.c.obj
 .debug_ranges  0x00000258       0xe0 CMakeFiles/ds18b26_driver.elf.dir/Drivers/STM32F1xx_HAL_Driver/Src/stm32f1xx_hal_cortex.c.obj
 .debug_ranges  0x00000338       0x48 CMakeFiles/ds18b26_driver.elf.dir/Drivers/STM32F1xx_HAL_Driver/Src/stm32f1xx_hal_gpio.c.obj
 .debug_ranges  0x00000380       0xa0 CMakeFiles/ds18b26_driver.elf.dir/Drivers/STM32F1xx_HAL_Driver/Src/stm32f1xx_hal_rcc.c.obj

.debug_line     0x00000000     0x31db
 .debug_line    0x00000000      0x1e6 CMakeFiles/ds18b26_driver.elf.dir/Core/Src/gpio.c.obj
 .debug_line    0x000001e6      0x4bd CMakeFiles/ds18b26_driver.elf.dir/Core/Src/main.cpp.obj
 .debug_line    0x000006a3      0x179 CMakeFiles/ds18b26_driver.elf.dir/Core/Src/stm32f1xx_hal_msp.c.obj
 .debug_line    0x0000081c      0x1b5 CMakeFiles/ds18b26_driver.elf.dir/Core/Src/stm32f1xx_it.c.obj
 .debug_line    0x000009d1      0x3fc CMakeFiles/ds18b26_driver.elf.dir/Core/Src/syscalls.c.obj
 .debug_line    0x00000dcd      0x242 CMakeFiles/ds18b26_driver.elf.dir/Core/Src/system_stm32f1xx.c.obj
 .debug_line    0x0000100f       0xa1 CMakeFiles/ds18b26_driver.elf.dir/Core/Startup/startup_stm32f103c8tx.s.obj
 .debug_line    0x000010b0      0x33f CMakeFiles/ds18b26_driver.elf.dir/Drivers/LED/led.cpp.obj
 .debug_line    0x000013ef      0x566 CMakeFiles/ds18b26_driver.elf.dir/Drivers/STM32F1xx_HAL_Driver/Src/stm32f1xx_hal.c.obj
 .debug_line    0x00001955      0x653 CMakeFiles/ds18b26_driver.elf.dir/Drivers/STM32F1xx_HAL_Driver/Src/stm32f1xx_hal_cortex.c.obj
 .debug_line    0x00001fa8      0x5fb CMakeFiles/ds18b26_driver.elf.dir/Drivers/STM32F1xx_HAL_Driver/Src/stm32f1xx_hal_gpio.c.obj
 .debug_line    0x000025a3      0xc38 CMakeFiles/ds18b26_driver.elf.dir/Drivers/STM32F1xx_HAL_Driver/Src/stm32f1xx_hal_rcc.c.obj

.debug_str      0x00000000     0x18ee
 .debug_str     0x00000000      0x259 CMakeFiles/ds18b26_driver.elf.dir/Core/Src/gpio.c.obj
                                0x2b1 (size before relaxing)
 .debug_str     0x00000259      0x4c2 CMakeFiles/ds18b26_driver.elf.dir/Core/Src/main.cpp.obj
                                0x71b (size before relaxing)
 .debug_str     0x0000071b       0x75 CMakeFiles/ds18b26_driver.elf.dir/Core/Src/stm32f1xx_hal_msp.c.obj
                                0x253 (size before relaxing)
 .debug_str     0x00000790       0xd2 CMakeFiles/ds18b26_driver.elf.dir/Core/Src/stm32f1xx_it.c.obj
                                0x256 (size before relaxing)
 .debug_str     0x00000862      0x229 CMakeFiles/ds18b26_driver.elf.dir/Core/Src/syscalls.c.obj
                                0x420 (size before relaxing)
 .debug_str     0x00000a8b       0x99 CMakeFiles/ds18b26_driver.elf.dir/Core/Src/system_stm32f1xx.c.obj
                                0x288 (size before relaxing)
 .debug_str     0x00000b24       0x51 CMakeFiles/ds18b26_driver.elf.dir/Core/Startup/startup_stm32f103c8tx.s.obj
                                 0x81 (size before relaxing)
 .debug_str     0x00000b75       0x74 CMakeFiles/ds18b26_driver.elf.dir/Drivers/LED/led.cpp.obj
                                0x54e (size before relaxing)
 .debug_str     0x00000be9      0x5f2 CMakeFiles/ds18b26_driver.elf.dir/Drivers/STM32F1xx_HAL_Driver/Src/stm32f1xx_hal.c.obj
                                0x858 (size before relaxing)
 .debug_str     0x000011db      0x3d6 CMakeFiles/ds18b26_driver.elf.dir/Drivers/STM32F1xx_HAL_Driver/Src/stm32f1xx_hal_cortex.c.obj
                                0x907 (size before relaxing)
 .debug_str     0x000015b1      0x12e CMakeFiles/ds18b26_driver.elf.dir/Drivers/STM32F1xx_HAL_Driver/Src/stm32f1xx_hal_gpio.c.obj
                                0x434 (size before relaxing)
 .debug_str     0x000016df      0x20f CMakeFiles/ds18b26_driver.elf.dir/Drivers/STM32F1xx_HAL_Driver/Src/stm32f1xx_hal_rcc.c.obj
                                0x65f (size before relaxing)

.comment        0x00000000       0x49
 .comment       0x00000000       0x49 CMakeFiles/ds18b26_driver.elf.dir/Core/Src/gpio.c.obj
                                 0x4a (size before relaxing)
 .comment       0x00000049       0x4a CMakeFiles/ds18b26_driver.elf.dir/Core/Src/main.cpp.obj
 .comment       0x00000049       0x4a CMakeFiles/ds18b26_driver.elf.dir/Core/Src/stm32f1xx_hal_msp.c.obj
 .comment       0x00000049       0x4a CMakeFiles/ds18b26_driver.elf.dir/Core/Src/stm32f1xx_it.c.obj
 .comment       0x00000049       0x4a CMakeFiles/ds18b26_driver.elf.dir/Core/Src/syscalls.c.obj
 .comment       0x00000049       0x4a CMakeFiles/ds18b26_driver.elf.dir/Core/Src/system_stm32f1xx.c.obj
 .comment       0x00000049       0x4a CMakeFiles/ds18b26_driver.elf.dir/Drivers/LED/led.cpp.obj
 .comment       0x00000049       0x4a CMakeFiles/ds18b26_driver.elf.dir/Drivers/STM32F1xx_HAL_Driver/Src/stm32f1xx_hal.c.obj
 .comment       0x00000049       0x4a CMakeFiles/ds18b26_driver.elf.dir/Drivers/STM32F1xx_HAL_Driver/Src/stm32f1xx_hal_cortex.c.obj
 .comment       0x00000049       0x4a CMakeFiles/ds18b26_driver.elf.dir/Drivers/STM32F1xx_HAL_Driver/Src/stm32f1xx_hal_gpio.c.obj
 .comment       0x00000049       0x4a CMakeFiles/ds18b26_driver.elf.dir/Drivers/STM32F1xx_HAL_Driver/Src/stm32f1xx_hal_rcc.c.obj

.debug_frame    0x00000000     0x1080
 .debug_frame   0x00000000       0x30 CMakeFiles/ds18b26_driver.elf.dir/Core/Src/gpio.c.obj
 .debug_frame   0x00000030       0x58 CMakeFiles/ds18b26_driver.elf.dir/Core/Src/main.cpp.obj
 .debug_frame   0x00000088       0x28 CMakeFiles/ds18b26_driver.elf.dir/Core/Src/stm32f1xx_hal_msp.c.obj
 .debug_frame   0x000000b0       0xa8 CMakeFiles/ds18b26_driver.elf.dir/Core/Src/stm32f1xx_it.c.obj
 .debug_frame   0x00000158      0x190 CMakeFiles/ds18b26_driver.elf.dir/Core/Src/syscalls.c.obj
 .debug_frame   0x000002e8       0x30 CMakeFiles/ds18b26_driver.elf.dir/Core/Src/system_stm32f1xx.c.obj
 .debug_frame   0x00000318       0x60 CMakeFiles/ds18b26_driver.elf.dir/Drivers/LED/led.cpp.obj
 .debug_frame   0x00000378      0x1cc CMakeFiles/ds18b26_driver.elf.dir/Drivers/STM32F1xx_HAL_Driver/Src/stm32f1xx_hal.c.obj
 .debug_frame   0x00000544      0x118 CMakeFiles/ds18b26_driver.elf.dir/Drivers/STM32F1xx_HAL_Driver/Src/stm32f1xx_hal_cortex.c.obj
 .debug_frame   0x0000065c       0xe4 CMakeFiles/ds18b26_driver.elf.dir/Drivers/STM32F1xx_HAL_Driver/Src/stm32f1xx_hal_gpio.c.obj
 .debug_frame   0x00000740      0x184 CMakeFiles/ds18b26_driver.elf.dir/Drivers/STM32F1xx_HAL_Driver/Src/stm32f1xx_hal_rcc.c.obj
 .debug_frame   0x000008c4      0x2e0 d:/enviro~1/gnuarm~1/102021~1.10/bin/../lib/gcc/arm-none-eabi/10.3.1/thumb/v7-m/nofp\libgcc.a(unwind-arm.o)
 .debug_frame   0x00000ba4       0xf4 d:/enviro~1/gnuarm~1/102021~1.10/bin/../lib/gcc/arm-none-eabi/10.3.1/thumb/v7-m/nofp\libgcc.a(pr-support.o)
 .debug_frame   0x00000c98       0x28 d:/enviro~1/gnuarm~1/102021~1.10/bin/../lib/gcc/arm-none-eabi/10.3.1/../../../../arm-none-eabi/lib/thumb/v7-m/nofp\libg.a(lib_a-abort.o)
 .debug_frame   0x00000cc0       0x20 d:/enviro~1/gnuarm~1/102021~1.10/bin/../lib/gcc/arm-none-eabi/10.3.1/../../../../arm-none-eabi/lib/thumb/v7-m/nofp\libg.a(lib_a-errno.o)
 .debug_frame   0x00000ce0       0x2c d:/enviro~1/gnuarm~1/102021~1.10/bin/../lib/gcc/arm-none-eabi/10.3.1/../../../../arm-none-eabi/lib/thumb/v7-m/nofp\libg.a(lib_a-init.o)
 .debug_frame   0x00000d0c       0x2c d:/enviro~1/gnuarm~1/102021~1.10/bin/../lib/gcc/arm-none-eabi/10.3.1/../../../../arm-none-eabi/lib/thumb/v7-m/nofp\libg.a(lib_a-memset.o)
 .debug_frame   0x00000d38      0x114 d:/enviro~1/gnuarm~1/102021~1.10/bin/../lib/gcc/arm-none-eabi/10.3.1/../../../../arm-none-eabi/lib/thumb/v7-m/nofp\libg.a(lib_a-signal.o)
 .debug_frame   0x00000e4c       0x3c d:/enviro~1/gnuarm~1/102021~1.10/bin/../lib/gcc/arm-none-eabi/10.3.1/../../../../arm-none-eabi/lib/thumb/v7-m/nofp\libg.a(lib_a-signalr.o)
 .debug_frame   0x00000e88       0x5c d:/enviro~1/gnuarm~1/102021~1.10/bin/../lib/gcc/arm-none-eabi/10.3.1/../../../../arm-none-eabi/lib/thumb/v7-m/nofp\libg.a(lib_a-__call_atexit.o)
 .debug_frame   0x00000ee4       0x20 d:/enviro~1/gnuarm~1/102021~1.10/bin/../lib/gcc/arm-none-eabi/10.3.1/../../../../arm-none-eabi/lib/thumb/v7-m/nofp\libg.a(lib_a-atexit.o)
 .debug_frame   0x00000f04       0x34 d:/enviro~1/gnuarm~1/102021~1.10/bin/../lib/gcc/arm-none-eabi/10.3.1/../../../../arm-none-eabi/lib/thumb/v7-m/nofp\libg.a(lib_a-fini.o)
 .debug_frame   0x00000f38       0xb0 d:/enviro~1/gnuarm~1/102021~1.10/bin/../lib/gcc/arm-none-eabi/10.3.1/../../../../arm-none-eabi/lib/thumb/v7-m/nofp\libg.a(lib_a-lock.o)
 .debug_frame   0x00000fe8       0x64 d:/enviro~1/gnuarm~1/102021~1.10/bin/../lib/gcc/arm-none-eabi/10.3.1/../../../../arm-none-eabi/lib/thumb/v7-m/nofp\libg.a(lib_a-reent.o)
 .debug_frame   0x0000104c       0x34 d:/enviro~1/gnuarm~1/102021~1.10/bin/../lib/gcc/arm-none-eabi/10.3.1/../../../../arm-none-eabi/lib/thumb/v7-m/nofp\libg.a(lib_a-__atexit.o)

.debug_loc      0x00000000     0x183d
 .debug_loc     0x00000000       0x15 CMakeFiles/ds18b26_driver.elf.dir/Core/Src/stm32f1xx_hal_msp.c.obj
 .debug_loc     0x00000015      0x3c5 CMakeFiles/ds18b26_driver.elf.dir/Core/Src/syscalls.c.obj
 .debug_loc     0x000003da       0xff CMakeFiles/ds18b26_driver.elf.dir/Core/Src/system_stm32f1xx.c.obj
 .debug_loc     0x000004d9       0x6f CMakeFiles/ds18b26_driver.elf.dir/Drivers/LED/led.cpp.obj
 .debug_loc     0x00000548      0x141 CMakeFiles/ds18b26_driver.elf.dir/Drivers/STM32F1xx_HAL_Driver/Src/stm32f1xx_hal.c.obj
 .debug_loc     0x00000689      0x71f CMakeFiles/ds18b26_driver.elf.dir/Drivers/STM32F1xx_HAL_Driver/Src/stm32f1xx_hal_cortex.c.obj
 .debug_loc     0x00000da8      0x47d CMakeFiles/ds18b26_driver.elf.dir/Drivers/STM32F1xx_HAL_Driver/Src/stm32f1xx_hal_gpio.c.obj
 .debug_loc     0x00001225      0x618 CMakeFiles/ds18b26_driver.elf.dir/Drivers/STM32F1xx_HAL_Driver/Src/stm32f1xx_hal_rcc.c.obj
